0 verbose cli C:\Program Files\nodejs\node.exe C:\Program Files\nodejs\node_modules\npm\bin\npm-cli.js
1 info using npm@11.9.0
2 info using node@v24.14.0
3 silly config load:file:C:\Program Files\nodejs\node_modules\npm\npmrc
4 silly config load:file:D:\PrivateProject\photo-achive\.npmrc
5 silly config load:file:C:\Users\진기환\.npmrc
6 silly config load:file:C:\Users\진기환\AppData\Roaming\npm\etc\npmrc
7 verbose title npm install react-globe.gl three exifr leaflet react-leaflet
8 verbose argv "install" "react-globe.gl" "three" "exifr" "leaflet" "react-leaflet" "--cache" ".npm-cache" "--fetch-retries" "0" "--fetch-timeout" "30000"
9 verbose logfile logs-max:10 dir:D:\PrivateProject\photo-achive\.npm-cache\_logs\2026-10-02T06_04_20_939Z-
10 verbose logfile D:\PrivateProject\photo-achive\.npm-cache\_logs\2026-10-02T06_04_20_939Z-debug-0.log
11 silly logfile done cleaning log files
12 silly packumentCache heap:4496293888 maxSize:1124073472 maxEntrySize:562036736
13 silly idealTree buildDeps
14 silly fetch manifest react-globe.gl@*
15 silly packumentCache full:https://registry.npmjs.org/react-globe.gl cache-miss
16 http fetch GET 200 https://registry.npmjs.org/npm 298ms
17 http fetch GET 200 https://registry.npmjs.org/react-globe.gl 229ms (cache miss)
18 silly packumentCache full:https://registry.npmjs.org/react-globe.gl set size:undefined disposed:false
19 silly fetch manifest react@19.2.8
20 silly packumentCache full:https://registry.npmjs.org/react cache-miss
21 http fetch GET 200 https://registry.npmjs.org/react 203ms (cache miss)
22 silly packumentCache full:https://registry.npmjs.org/react set size:undefined disposed:false
23 silly fetch manifest three@*
24 silly packumentCache full:https://registry.npmjs.org/three cache-miss
25 http fetch GET 200 https://registry.npmjs.org/three 45ms (cache miss)
26 silly packumentCache full:https://registry.npmjs.org/three set size:undefined disposed:false
27 silly fetch manifest exifr@*
28 silly packumentCache full:https://registry.npmjs.org/exifr cache-miss
29 http fetch GET 200 https://registry.npmjs.org/exifr 201ms (cache miss)
30 silly packumentCache full:https://registry.npmjs.org/exifr set size:undefined disposed:false
31 silly fetch manifest leaflet@*
32 silly packumentCache full:https://registry.npmjs.org/leaflet cache-miss
33 http fetch GET 200 https://registry.npmjs.org/leaflet 27ms (cache miss)
34 silly packumentCache full:https://registry.npmjs.org/leaflet set size:undefined disposed:false
35 silly fetch manifest react-leaflet@*
36 silly packumentCache full:https://registry.npmjs.org/react-leaflet cache-miss
37 http fetch GET 200 https://registry.npmjs.org/react-leaflet 178ms (cache miss)
38 silly packumentCache full:https://registry.npmjs.org/react-leaflet set size:undefined disposed:false
39 silly fetch manifest react-dom@19.2.8
40 silly packumentCache full:https://registry.npmjs.org/react-dom cache-miss
41 http fetch GET 200 https://registry.npmjs.org/react-dom 167ms (cache miss)
42 silly packumentCache full:https://registry.npmjs.org/react-dom set size:undefined disposed:false
43 silly placeDep ROOT exifr@7.1.3 OK for: photo-achive@0.1.0 want: *
44 silly placeDep ROOT leaflet@1.9.4 OK for: photo-achive@0.1.0 want: *
45 silly placeDep ROOT react-globe.gl@2.38.0 OK for: photo-achive@0.1.0 want: *
46 silly placeDep ROOT react-leaflet@5.0.0 OK for: photo-achive@0.1.0 want: *
47 silly placeDep ROOT three@0.186.1 OK for: photo-achive@0.1.0 want: *
48 silly fetch manifest globe.gl@^2.46
49 silly packumentCache full:https://registry.npmjs.org/globe.gl cache-miss
50 silly fetch manifest react-kapsule@^2.5
51 silly packumentCache full:https://registry.npmjs.org/react-kapsule cache-miss
52 silly fetch manifest @react-leaflet/core@^3.0.0
53 silly packumentCache full:https://registry.npmjs.org/@react-leaflet%2fcore cache-miss
54 http fetch GET 200 https://registry.npmjs.org/react-kapsule 29ms (cache miss)
55 silly packumentCache full:https://registry.npmjs.org/react-kapsule set size:undefined disposed:false
56 http fetch GET 200 https://registry.npmjs.org/globe.gl 203ms (cache miss)
57 silly packumentCache full:https://registry.npmjs.org/globe.gl set size:undefined disposed:false
58 http fetch GET 200 https://registry.npmjs.org/@react-leaflet%2fcore 623ms (cache miss)
59 silly packumentCache full:https://registry.npmjs.org/@react-leaflet%2fcore set size:undefined disposed:false
60 silly fetch manifest react@*
61 silly packumentCache full:https://registry.npmjs.org/react cache-miss
62 http cache https://registry.npmjs.org/react 17ms (cache hit)
63 silly packumentCache full:https://registry.npmjs.org/react set size:7011585 disposed:false
64 silly placeDep ROOT globe.gl@2.46.2 OK for: react-globe.gl@2.38.0 want: ^2.46
65 silly placeDep ROOT react-kapsule@2.6.0 OK for: react-globe.gl@2.38.0 want: ^2.5
66 silly fetch manifest @tweenjs/tween.js@18 - 25
67 silly packumentCache full:https://registry.npmjs.org/@tweenjs%2ftween.js cache-miss
68 silly fetch manifest accessor-fn@1
69 silly packumentCache full:https://registry.npmjs.org/accessor-fn cache-miss
70 silly fetch manifest kapsule@^1.16
71 silly packumentCache full:https://registry.npmjs.org/kapsule cache-miss
72 silly fetch manifest three-globe@^2.45
73 silly packumentCache full:https://registry.npmjs.org/three-globe cache-miss
74 silly fetch manifest three-render-objects@^1.41
75 silly packumentCache full:https://registry.npmjs.org/three-render-objects cache-miss
76 silly fetch manifest jerrypick@^1.1.2
77 silly packumentCache full:https://registry.npmjs.org/jerrypick cache-miss
78 http fetch GET 200 https://registry.npmjs.org/accessor-fn 40ms (cache miss)
79 silly packumentCache full:https://registry.npmjs.org/accessor-fn set size:undefined disposed:false
80 http fetch GET 200 https://registry.npmjs.org/kapsule 41ms (cache miss)
81 silly packumentCache full:https://registry.npmjs.org/kapsule set size:undefined disposed:false
82 http fetch GET 200 https://registry.npmjs.org/jerrypick 53ms (cache miss)
83 silly packumentCache full:https://registry.npmjs.org/jerrypick set size:undefined disposed:false
84 http fetch GET 200 https://registry.npmjs.org/@tweenjs%2ftween.js 79ms (cache miss)
85 silly packumentCache full:https://registry.npmjs.org/@tweenjs%2ftween.js set size:undefined disposed:false
86 http fetch GET 200 https://registry.npmjs.org/three-globe 86ms (cache miss)
87 silly packumentCache full:https://registry.npmjs.org/three-globe set size:undefined disposed:false
88 http fetch GET 200 https://registry.npmjs.org/three-render-objects 239ms (cache miss)
89 silly packumentCache full:https://registry.npmjs.org/three-render-objects set size:undefined disposed:false
90 silly fetch manifest three@>=0.179 <1
91 silly packumentCache full:https://registry.npmjs.org/three cache-miss
92 http cache https://registry.npmjs.org/three 7ms (cache hit)
93 silly packumentCache full:https://registry.npmjs.org/three set size:941885 disposed:false
94 silly placeDep ROOT @tweenjs/tween.js@25.0.0 OK for: globe.gl@2.46.2 want: 18 - 25
95 silly placeDep ROOT accessor-fn@1.5.3 OK for: globe.gl@2.46.2 want: 1
96 silly placeDep ROOT kapsule@1.16.3 OK for: globe.gl@2.46.2 want: ^1.16
97 silly placeDep ROOT three-globe@2.45.3 OK for: globe.gl@2.46.2 want: ^2.45
98 silly placeDep ROOT three-render-objects@1.43.0 OK for: globe.gl@2.46.2 want: ^1.41
99 silly fetch manifest lodash-es@4
100 silly packumentCache full:https://registry.npmjs.org/lodash-es cache-miss
101 silly fetch manifest h3-js@4
102 silly packumentCache full:https://registry.npmjs.org/h3-js cache-miss
103 silly fetch manifest d3-geo@3
104 silly packumentCache full:https://registry.npmjs.org/d3-geo cache-miss
105 silly fetch manifest d3-array@3
106 silly packumentCache full:https://registry.npmjs.org/d3-array cache-miss
107 silly fetch manifest d3-color@3
108 silly packumentCache full:https://registry.npmjs.org/d3-color cache-miss
109 silly fetch manifest d3-scale@4
110 silly packumentCache full:https://registry.npmjs.org/d3-scale cache-miss
111 silly fetch manifest tinycolor2@1
112 silly packumentCache full:https://registry.npmjs.org/tinycolor2 cache-miss
113 silly fetch manifest frame-ticker@1
114 silly packumentCache full:https://registry.npmjs.org/frame-ticker cache-miss
115 silly fetch manifest d3-interpolate@3
116 silly packumentCache full:https://registry.npmjs.org/d3-interpolate cache-miss
117 silly fetch manifest index-array-by@1
118 silly packumentCache full:https://registry.npmjs.org/index-array-by cache-miss
119 silly fetch manifest data-bind-mapper@1
120 silly packumentCache full:https://registry.npmjs.org/data-bind-mapper cache-miss
121 http fetch GET 200 https://registry.npmjs.org/d3-array 55ms (cache miss)
122 silly packumentCache full:https://registry.npmjs.org/d3-array set size:undefined disposed:false
123 silly fetch manifest d3-scale-chromatic@3
124 silly packumentCache full:https://registry.npmjs.org/d3-scale-chromatic cache-miss
125 http fetch GET 200 https://registry.npmjs.org/lodash-es 59ms (cache miss)
126 silly packumentCache full:https://registry.npmjs.org/lodash-es set size:undefined disposed:false
127 silly fetch manifest three-geojson-geometry@2
128 silly packumentCache full:https://registry.npmjs.org/three-geojson-geometry cache-miss
129 http fetch GET 200 https://registry.npmjs.org/d3-color 65ms (cache miss)
130 silly packumentCache full:https://registry.npmjs.org/d3-color set size:undefined disposed:false
131 silly fetch manifest three-slippy-map-globe@1
132 silly packumentCache full:https://registry.npmjs.org/three-slippy-map-globe cache-miss
133 http fetch GET 200 https://registry.npmjs.org/data-bind-mapper 72ms (cache miss)
134 silly packumentCache full:https://registry.npmjs.org/data-bind-mapper set size:undefined disposed:false
135 silly fetch manifest three-conic-polygon-geometry@2
136 silly packumentCache full:https://registry.npmjs.org/three-conic-polygon-geometry cache-miss
137 http fetch GET 200 https://registry.npmjs.org/d3-interpolate 78ms (cache miss)
138 silly packumentCache full:https://registry.npmjs.org/d3-interpolate set size:undefined disposed:false
139 silly fetch manifest polished@4
140 silly packumentCache full:https://registry.npmjs.org/polished cache-miss
141 http fetch GET 200 https://registry.npmjs.org/tinycolor2 80ms (cache miss)
142 silly packumentCache full:https://registry.npmjs.org/tinycolor2 set size:undefined disposed:false
143 silly fetch manifest float-tooltip@^1.7
144 silly packumentCache full:https://registry.npmjs.org/float-tooltip cache-miss
145 http fetch GET 200 https://registry.npmjs.org/d3-geo 87ms (cache miss)
146 silly packumentCache full:https://registry.npmjs.org/d3-geo set size:undefined disposed:false
147 http fetch GET 200 https://registry.npmjs.org/d3-scale 88ms (cache miss)
148 silly packumentCache full:https://registry.npmjs.org/d3-scale set size:undefined disposed:false
149 http fetch GET 200 https://registry.npmjs.org/d3-scale-chromatic 35ms (cache miss)
150 silly packumentCache full:https://registry.npmjs.org/d3-scale-chromatic set size:undefined disposed:false
151 http fetch GET 200 https://registry.npmjs.org/float-tooltip 26ms (cache miss)
152 silly packumentCache full:https://registry.npmjs.org/float-tooltip set size:undefined disposed:false
153 http fetch GET 200 https://registry.npmjs.org/polished 42ms (cache miss)
154 silly packumentCache full:https://registry.npmjs.org/polished set size:undefined disposed:false
155 http fetch GET 200 https://registry.npmjs.org/h3-js 198ms (cache miss)
156 silly packumentCache full:https://registry.npmjs.org/h3-js set size:undefined disposed:false
157 http fetch GET 200 https://registry.npmjs.org/frame-ticker 208ms (cache miss)
158 silly packumentCache full:https://registry.npmjs.org/frame-ticker set size:undefined disposed:false
159 http fetch GET 200 https://registry.npmjs.org/three-geojson-geometry 168ms (cache miss)
160 silly packumentCache full:https://registry.npmjs.org/three-geojson-geometry set size:undefined disposed:false
161 http fetch GET 200 https://registry.npmjs.org/index-array-by 228ms (cache miss)
162 silly packumentCache full:https://registry.npmjs.org/index-array-by set size:undefined disposed:false
163 http fetch GET 200 https://registry.npmjs.org/three-slippy-map-globe 181ms (cache miss)
164 silly packumentCache full:https://registry.npmjs.org/three-slippy-map-globe set size:undefined disposed:false
165 http fetch GET 200 https://registry.npmjs.org/three-conic-polygon-geometry 182ms (cache miss)
166 silly packumentCache full:https://registry.npmjs.org/three-conic-polygon-geometry set size:undefined disposed:false
167 silly placeDep ROOT lodash-es@4.18.1 OK for: kapsule@1.16.3 want: 4
168 silly placeDep ROOT jerrypick@1.1.2 OK for: react-kapsule@2.6.0 want: ^1.1.2
169 silly fetch manifest leaflet@^1.9.0
170 silly packumentCache full:https://registry.npmjs.org/leaflet cache-miss
171 http cache https://registry.npmjs.org/leaflet 7ms (cache hit)
172 silly packumentCache full:https://registry.npmjs.org/leaflet set size:146664 disposed:false
173 silly fetch manifest react@^19.0.0
174 silly packumentCache full:https://registry.npmjs.org/react cache-miss
175 http cache https://registry.npmjs.org/react 17ms (cache hit)
176 silly packumentCache full:https://registry.npmjs.org/react set size:7011585 disposed:false
177 silly fetch manifest react-dom@^19.0.0
178 silly packumentCache full:https://registry.npmjs.org/react-dom cache-miss
179 http cache https://registry.npmjs.org/react-dom 25ms (cache hit)
180 silly packumentCache full:https://registry.npmjs.org/react-dom set size:9447690 disposed:false
181 silly placeDep ROOT @react-leaflet/core@3.0.0 OK for: react-leaflet@5.0.0 want: ^3.0.0
182 silly fetch manifest three@>=0.154
183 silly packumentCache full:https://registry.npmjs.org/three cache-hit
184 silly placeDep ROOT d3-array@3.2.4 OK for: three-globe@2.45.3 want: 3
185 silly placeDep ROOT d3-color@3.1.0 OK for: three-globe@2.45.3 want: 3
186 silly placeDep ROOT d3-geo@3.1.1 OK for: three-globe@2.45.3 want: 3
187 silly placeDep ROOT d3-interpolate@3.0.1 OK for: three-globe@2.45.3 want: 3
188 silly placeDep ROOT d3-scale@4.0.2 OK for: three-globe@2.45.3 want: 4
189 silly placeDep ROOT d3-scale-chromatic@3.1.0 OK for: three-globe@2.45.3 want: 3
190 silly placeDep ROOT data-bind-mapper@1.0.3 OK for: three-globe@2.45.3 want: 1
191 silly placeDep ROOT frame-ticker@1.0.3 OK for: three-globe@2.45.3 want: 1
192 silly placeDep ROOT h3-js@4.5.0 OK for: three-globe@2.45.3 want: 4
193 silly placeDep ROOT index-array-by@1.4.2 OK for: three-globe@2.45.3 want: 1
194 silly placeDep ROOT three-conic-polygon-geometry@2.1.3 OK for: three-globe@2.45.3 want: 2
195 silly placeDep ROOT three-geojson-geometry@2.1.1 OK for: three-globe@2.45.3 want: 2
196 silly placeDep ROOT three-slippy-map-globe@1.0.6 OK for: three-globe@2.45.3 want: 1
197 silly placeDep ROOT tinycolor2@1.6.0 OK for: three-globe@2.45.3 want: 1
198 silly fetch manifest internmap@1 - 2
199 silly packumentCache full:https://registry.npmjs.org/internmap cache-miss
200 silly fetch manifest d3-format@1 - 3
201 silly packumentCache full:https://registry.npmjs.org/d3-format cache-miss
202 silly fetch manifest d3-time@2.1.1 - 3
203 silly packumentCache full:https://registry.npmjs.org/d3-time cache-miss
204 silly fetch manifest d3-time-format@2 - 4
205 silly packumentCache full:https://registry.npmjs.org/d3-time-format cache-miss
206 silly fetch manifest simplesignal@^2.1.6
207 silly packumentCache full:https://registry.npmjs.org/simplesignal cache-miss
208 silly fetch manifest @turf/boolean-point-in-polygon@^7.2
209 silly packumentCache full:https://registry.npmjs.org/@turf%2fboolean-point-in-polygon cache-miss
210 silly fetch manifest d3-geo-voronoi@2
211 silly packumentCache full:https://registry.npmjs.org/d3-geo-voronoi cache-miss
212 silly fetch manifest delaunator@5
213 silly packumentCache full:https://registry.npmjs.org/delaunator cache-miss
214 silly fetch manifest earcut@3
215 silly packumentCache full:https://registry.npmjs.org/earcut cache-miss
216 silly fetch manifest earcut@3
217 silly packumentCache full:https://registry.npmjs.org/earcut cache-miss
218 silly fetch manifest d3-octree@^1.1
219 silly packumentCache full:https://registry.npmjs.org/d3-octree cache-miss
220 http fetch GET 200 https://registry.npmjs.org/internmap 36ms (cache miss)
221 silly packumentCache full:https://registry.npmjs.org/internmap set size:undefined disposed:false
222 http fetch GET 200 https://registry.npmjs.org/d3-time 37ms (cache miss)
223 silly packumentCache full:https://registry.npmjs.org/d3-time set size:undefined disposed:false
224 http fetch GET 200 https://registry.npmjs.org/d3-time-format 39ms (cache miss)
225 silly packumentCache full:https://registry.npmjs.org/d3-time-format set size:undefined disposed:false
226 http fetch GET 200 https://registry.npmjs.org/d3-format 43ms (cache miss)
227 silly packumentCache full:https://registry.npmjs.org/d3-format set size:undefined disposed:false
228 http fetch GET 200 https://registry.npmjs.org/delaunator 53ms (cache miss)
229 silly packumentCache full:https://registry.npmjs.org/delaunator set size:undefined disposed:false
230 http fetch GET 200 https://registry.npmjs.org/d3-octree 56ms (cache miss)
231 silly packumentCache full:https://registry.npmjs.org/d3-octree set size:undefined disposed:false
232 http fetch GET 200 https://registry.npmjs.org/@turf%2fboolean-point-in-polygon 60ms (cache miss)
233 silly packumentCache full:https://registry.npmjs.org/@turf%2fboolean-point-in-polygon set size:undefined disposed:false
234 http fetch GET 200 https://registry.npmjs.org/earcut 195ms (cache miss)
235 silly packumentCache full:https://registry.npmjs.org/earcut set size:undefined disposed:false
236 http fetch GET 200 https://registry.npmjs.org/earcut 197ms (cache miss)
237 silly packumentCache full:https://registry.npmjs.org/earcut set size:undefined disposed:false
238 http fetch GET 200 https://registry.npmjs.org/simplesignal 202ms (cache miss)
239 silly packumentCache full:https://registry.npmjs.org/simplesignal set size:undefined disposed:false
240 http fetch GET 200 https://registry.npmjs.org/d3-geo-voronoi 232ms (cache miss)
241 silly packumentCache full:https://registry.npmjs.org/d3-geo-voronoi set size:undefined disposed:false
242 silly placeDep ROOT internmap@2.0.3 OK for: d3-array@3.2.4 want: 1 - 2
243 silly placeDep ROOT d3-format@3.1.2 OK for: d3-scale@4.0.2 want: 1 - 3
244 silly placeDep ROOT d3-time@3.1.0 OK for: d3-scale@4.0.2 want: 2.1.1 - 3
245 silly placeDep ROOT d3-time-format@4.1.0 OK for: d3-scale@4.0.2 want: 2 - 4
246 silly placeDep ROOT simplesignal@2.1.7 OK for: frame-ticker@1.0.3 want: ^2.1.6
247 silly placeDep ROOT @turf/boolean-point-in-polygon@7.4.0 OK for: three-conic-polygon-geometry@2.1.3 want: ^7.2
248 silly placeDep ROOT d3-geo-voronoi@2.1.0 OK for: three-conic-polygon-geometry@2.1.3 want: 2
249 silly placeDep ROOT delaunator@5.1.0 OK for: three-conic-polygon-geometry@2.1.3 want: 5
250 silly placeDep ROOT earcut@3.2.4 OK for: three-conic-polygon-geometry@2.1.3 want: 3
251 silly fetch manifest @turf/helpers@7.4.0
252 silly packumentCache full:https://registry.npmjs.org/@turf%2fhelpers cache-miss
253 silly fetch manifest @types/geojson@^7946.0.10
254 silly packumentCache full:https://registry.npmjs.org/@types%2fgeojson cache-miss
255 silly fetch manifest @turf/invariant@7.4.0
256 silly packumentCache full:https://registry.npmjs.org/@turf%2finvariant cache-miss
257 silly fetch manifest point-in-polygon-hao@^1.1.0
258 silly packumentCache full:https://registry.npmjs.org/point-in-polygon-hao cache-miss
259 silly fetch manifest d3-delaunay@6
260 silly packumentCache full:https://registry.npmjs.org/d3-delaunay cache-miss
261 silly fetch manifest d3-tricontour@1
262 silly packumentCache full:https://registry.npmjs.org/d3-tricontour cache-miss
263 silly fetch manifest robust-predicates@^3.0.2
264 silly packumentCache full:https://registry.npmjs.org/robust-predicates cache-miss
265 http fetch GET 200 https://registry.npmjs.org/@types%2fgeojson 42ms (cache miss)
266 silly packumentCache full:https://registry.npmjs.org/@types%2fgeojson set size:undefined disposed:false
267 http fetch GET 200 https://registry.npmjs.org/d3-delaunay 41ms (cache miss)
268 silly packumentCache full:https://registry.npmjs.org/d3-delaunay set size:undefined disposed:false
269 http fetch GET 200 https://registry.npmjs.org/robust-predicates 43ms (cache miss)
270 silly packumentCache full:https://registry.npmjs.org/robust-predicates set size:undefined disposed:false
271 http fetch GET 200 https://registry.npmjs.org/@turf%2finvariant 47ms (cache miss)
272 silly packumentCache full:https://registry.npmjs.org/@turf%2finvariant set size:undefined disposed:false
273 http fetch GET 200 https://registry.npmjs.org/@turf%2fhelpers 50ms (cache miss)
274 silly packumentCache full:https://registry.npmjs.org/@turf%2fhelpers set size:undefined disposed:false
275 http fetch GET 200 https://registry.npmjs.org/d3-tricontour 181ms (cache miss)
276 silly packumentCache full:https://registry.npmjs.org/d3-tricontour set size:undefined disposed:false
277 http fetch GET 200 https://registry.npmjs.org/point-in-polygon-hao 189ms (cache miss)
278 silly packumentCache full:https://registry.npmjs.org/point-in-polygon-hao set size:undefined disposed:false
279 silly placeDep ROOT @turf/helpers@7.4.0 OK for: @turf/boolean-point-in-polygon@7.4.0 want: 7.4.0
280 silly placeDep ROOT @turf/invariant@7.4.0 OK for: @turf/boolean-point-in-polygon@7.4.0 want: 7.4.0
281 silly placeDep ROOT @types/geojson@7946.0.16 OK for: @turf/boolean-point-in-polygon@7.4.0 want: ^7946.0.10
282 silly placeDep ROOT point-in-polygon-hao@1.2.4 OK for: @turf/boolean-point-in-polygon@7.4.0 want: ^1.1.0
283 silly placeDep ROOT d3-delaunay@6.0.4 OK for: d3-geo-voronoi@2.1.0 want: 6
284 silly placeDep ROOT d3-tricontour@1.1.0 OK for: d3-geo-voronoi@2.1.0 want: 1
285 silly placeDep ROOT robust-predicates@3.0.3 OK for: delaunator@5.1.0 want: ^3.0.2
286 silly placeDep ROOT float-tooltip@1.7.5 OK for: three-render-objects@1.43.0 want: ^1.7
287 silly placeDep ROOT polished@4.3.1 OK for: three-render-objects@1.43.0 want: 4
288 silly fetch manifest d3-selection@2 - 3
289 silly packumentCache full:https://registry.npmjs.org/d3-selection cache-miss
290 silly fetch manifest preact@10
291 silly packumentCache full:https://registry.npmjs.org/preact cache-miss
292 silly fetch manifest @babel/runtime@^7.17.8
293 silly packumentCache full:https://registry.npmjs.org/@babel%2fruntime cache-miss
294 http fetch GET 200 https://registry.npmjs.org/d3-selection 48ms (cache miss)
295 silly packumentCache full:https://registry.npmjs.org/d3-selection set size:undefined disposed:false
296 http fetch GET 200 https://registry.npmjs.org/preact 81ms (cache miss)
297 silly packumentCache full:https://registry.npmjs.org/preact set size:undefined disposed:false
298 http fetch GET 200 https://registry.npmjs.org/@babel%2fruntime 144ms (cache miss)
299 silly packumentCache full:https://registry.npmjs.org/@babel%2fruntime set size:undefined disposed:false
300 silly fetch manifest preact-render-to-string@>=5
301 silly packumentCache full:https://registry.npmjs.org/preact-render-to-string cache-miss
302 http fetch GET 200 https://registry.npmjs.org/preact-render-to-string 34ms (cache miss)
303 silly packumentCache full:https://registry.npmjs.org/preact-render-to-string set size:undefined disposed:false
304 silly placeDep ROOT d3-selection@3.0.0 OK for: float-tooltip@1.7.5 want: 2 - 3
305 silly placeDep ROOT preact@10.29.8 OK for: float-tooltip@1.7.5 want: 10
306 silly placeDep ROOT @babel/runtime@7.29.7 OK for: polished@4.3.1 want: ^7.17.8
307 silly placeDep ROOT d3-octree@1.1.0 OK for: three-slippy-map-globe@1.0.6 want: ^1.1
308 silly reify moves {}
309 silly audit bulk request {
309 silly audit   '@alloc/quick-lru': [ '5.3.0' ],
309 silly audit   '@babel/code-frame': [ '7.29.7' ],
309 silly audit   '@babel/compat-data': [ '7.29.7' ],
309 silly audit   '@babel/core': [ '7.29.7' ],
309 silly audit   '@babel/generator': [ '7.29.8' ],
309 silly audit   '@babel/helper-compilation-targets': [ '7.29.7' ],
309 silly audit   '@babel/helper-globals': [ '7.29.7' ],
309 silly audit   '@babel/helper-module-imports': [ '7.29.7' ],
309 silly audit   '@babel/helper-module-transforms': [ '7.29.7' ],
309 silly audit   '@babel/helper-string-parser': [ '7.29.7' ],
309 silly audit   '@babel/helper-validator-identifier': [ '7.29.7' ],
309 silly audit   '@babel/helper-validator-option': [ '7.29.7' ],
309 silly audit   '@babel/helpers': [ '7.29.7' ],
309 silly audit   '@babel/parser': [ '7.29.9' ],
309 silly audit   '@babel/template': [ '7.29.7' ],
309 silly audit   '@babel/traverse': [ '7.29.8' ],
309 silly audit   '@babel/types': [ '7.29.8' ],
309 silly audit   '@emnapi/core': [ '1.10.0' ],
309 silly audit   '@emnapi/runtime': [ '1.11.3', '1.10.0' ],
309 silly audit   '@emnapi/wasi-threads': [ '1.2.1' ],
309 silly audit   '@eslint-community/eslint-utils': [ '4.10.1', '4.9.1' ],
309 silly audit   'eslint-visitor-keys': [ '3.4.3', '5.0.1', '4.2.1' ],
309 silly audit   '@eslint-community/regexpp': [ '4.12.2' ],
309 silly audit   '@eslint/config-array': [ '0.21.2' ],
309 silly audit   '@eslint/config-helpers': [ '0.4.2' ],
309 silly audit   '@eslint/core': [ '0.17.0' ],
309 silly audit   '@eslint/eslintrc': [ '3.3.7' ],
309 silly audit   '@eslint/js': [ '9.39.5' ],
309 silly audit   '@eslint/object-schema': [ '2.1.7' ],
309 silly audit   '@eslint/plugin-kit': [ '0.4.1' ],
309 silly audit   '@firebase/ai': [ '2.16.0' ],
309 silly audit   '@firebase/analytics': [ '0.10.25' ],
309 silly audit   '@firebase/analytics-compat': [ '0.2.31' ],
309 silly audit   '@firebase/analytics-types': [ '0.8.5' ],
309 silly audit   '@firebase/app': [ '0.16.2' ],
309 silly audit   '@firebase/app-check': [ '0.13.1' ],
309 silly audit   '@firebase/app-check-compat': [ '0.4.7' ],
309 silly audit   '@firebase/app-check-interop-types': [ '0.3.5' ],
309 silly audit   '@firebase/app-check-types': [ '0.5.5' ],
309 silly audit   '@firebase/app-compat': [ '0.5.18' ],
309 silly audit   '@firebase/app-types': [ '0.9.6' ],
309 silly audit   '@firebase/auth': [ '1.13.6' ],
309 silly audit   '@firebase/auth-compat': [ '0.6.11' ],
309 silly audit   '@firebase/auth-interop-types': [ '0.2.6' ],
309 silly audit   '@firebase/auth-types': [ '0.13.2' ],
309 silly audit   '@firebase/component': [ '0.7.5' ],
309 silly audit   '@firebase/data-connect': [ '0.7.4' ],
309 silly audit   '@firebase/database': [ '1.1.5' ],
309 silly audit   '@firebase/database-compat': [ '2.1.7' ],
309 silly audit   '@firebase/database-types': [ '1.0.22' ],
309 silly audit   '@firebase/firestore': [ '4.17.2' ],
309 silly audit   '@firebase/firestore-compat': [ '0.4.14' ],
309 silly audit   '@firebase/firestore-types': [ '3.0.5' ],
309 silly audit   '@firebase/functions': [ '0.14.0' ],
309 silly audit   '@firebase/functions-compat': [ '0.5.0' ],
309 silly audit   '@firebase/functions-types': [ '0.6.5' ],
309 silly audit   '@firebase/installations': [ '0.6.24' ],
309 silly audit   '@firebase/installations-compat': [ '0.2.24' ],
309 silly audit   '@firebase/installations-types': [ '0.5.5' ],
309 silly audit   '@firebase/logger': [ '0.5.2' ],
309 silly audit   '@firebase/messaging': [ '0.13.3' ],
309 silly audit   '@firebase/messaging-compat': [ '0.2.30' ],
309 silly audit   '@firebase/messaging-interop-types': [ '0.2.6' ],
309 silly audit   '@firebase/performance': [ '0.7.14' ],
309 silly audit   '@firebase/performance-compat': [ '0.2.27' ],
309 silly audit   '@firebase/performance-types': [ '0.2.5' ],
309 silly audit   '@firebase/remote-config': [ '0.9.2' ],
309 silly audit   '@firebase/remote-config-compat': [ '0.2.29' ],
309 silly audit   '@firebase/remote-config-types': [ '0.5.2' ],
309 silly audit   '@firebase/storage': [ '0.14.5' ],
309 silly audit   '@firebase/storage-compat': [ '0.4.5' ],
309 silly audit   '@firebase/storage-types': [ '0.8.5' ],
309 silly audit   '@firebase/util': [ '1.15.3' ],
309 silly audit   '@firebase/webchannel-wrapper': [ '1.0.7' ],
309 silly audit   '@grpc/grpc-js': [ '1.9.16' ],
309 silly audit   '@grpc/proto-loader': [ '0.7.15' ],
309 silly audit   '@humanfs/core': [ '0.19.2' ],
309 silly audit   '@humanfs/node': [ '0.16.8' ],
309 silly audit   '@humanfs/types': [ '0.15.0' ],
309 silly audit   '@humanwhocodes/module-importer': [ '1.0.1' ],
309 silly audit   '@humanwhocodes/retry': [ '0.4.3' ],
309 silly audit   '@img/colour': [ '1.1.0' ],
309 silly audit   '@img/sharp-darwin-arm64': [ '0.35.5' ],
309 silly audit   '@img/sharp-darwin-x64': [ '0.35.5' ],
309 silly audit   '@img/sharp-freebsd-wasm32': [ '0.35.5' ],
309 silly audit   '@img/sharp-libvips-darwin-arm64': [ '1.3.4' ],
309 silly audit   '@img/sharp-libvips-darwin-x64': [ '1.3.4' ],
309 silly audit   '@img/sharp-libvips-linux-arm': [ '1.3.4' ],
309 silly audit   '@img/sharp-libvips-linux-arm64': [ '1.3.4' ],
309 silly audit   '@img/sharp-libvips-linux-ppc64': [ '1.3.4' ],
309 silly audit   '@img/sharp-libvips-linux-riscv64': [ '1.3.4' ],
309 silly audit   '@img/sharp-libvips-linux-s390x': [ '1.3.4' ],
309 silly audit   '@img/sharp-libvips-linux-x64': [ '1.3.4' ],
309 silly audit   '@img/sharp-libvips-linuxmusl-arm64': [ '1.3.4' ],
309 silly audit   '@img/sharp-libvips-linuxmusl-x64': [ '1.3.4' ],
309 silly audit   '@img/sharp-linux-arm': [ '0.35.5' ],
309 silly audit   '@img/sharp-linux-arm64': [ '0.35.5' ],
309 silly audit   '@img/sharp-linux-ppc64': [ '0.35.5' ],
309 silly audit   '@img/sharp-linux-riscv64': [ '0.35.5' ],
309 silly audit   '@img/sharp-linux-s390x': [ '0.35.5' ],
309 silly audit   '@img/sharp-linux-x64': [ '0.35.5' ],
309 silly audit   '@img/sharp-linuxmusl-arm64': [ '0.35.5' ],
309 silly audit   '@img/sharp-linuxmusl-x64': [ '0.35.5' ],
309 silly audit   '@img/sharp-wasm32': [ '0.35.5' ],
309 silly audit   '@img/sharp-webcontainers-wasm32': [ '0.35.5' ],
309 silly audit   '@img/sharp-win32-arm64': [ '0.35.5' ],
309 silly audit   '@img/sharp-win32-ia32': [ '0.35.5' ],
309 silly audit   '@img/sharp-win32-x64': [ '0.35.5' ],
309 silly audit   '@jridgewell/gen-mapping': [ '0.3.13' ],
309 silly audit   '@jridgewell/remapping': [ '2.3.5' ],
309 silly audit   '@jridgewell/resolve-uri': [ '3.1.2' ],
309 silly audit   '@jridgewell/sourcemap-codec': [ '1.6.0' ],
309 silly audit   '@jridgewell/trace-mapping': [ '0.3.31' ],
309 silly audit   '@napi-rs/wasm-runtime': [ '1.2.4' ],
309 silly audit   '@next/env': [ '16.3.8' ],
309 silly audit   '@next/eslint-plugin-next': [ '16.3.8' ],
309 silly audit   '@next/swc-darwin-arm64': [ '16.3.8' ],
309 silly audit   '@next/swc-darwin-x64': [ '16.3.8' ],
309 silly audit   '@next/swc-linux-arm64-gnu': [ '16.3.8' ],
309 silly audit   '@next/swc-linux-arm64-musl': [ '16.3.8' ],
309 silly audit   '@next/swc-linux-x64-gnu': [ '16.3.8' ],
309 silly audit   '@next/swc-linux-x64-musl': [ '16.3.8' ],
309 silly audit   '@next/swc-win32-arm64-msvc': [ '16.3.8' ],
309 silly audit   '@next/swc-win32-x64-msvc': [ '16.3.8' ],
309 silly audit   '@nodelib/fs.scandir': [ '2.1.5' ],
309 silly audit   '@nodelib/fs.stat': [ '2.0.5' ],
309 silly audit   '@nodelib/fs.walk': [ '1.2.8' ],
309 silly audit   '@nolyfill/is-core-module': [ '1.0.39' ],
309 silly audit   '@protobufjs/aspromise': [ '1.1.2' ],
309 silly audit   '@protobufjs/base64': [ '1.1.2' ],
309 silly audit   '@protobufjs/codegen': [ '2.0.5' ],
309 silly audit   '@protobufjs/eventemitter': [ '1.1.1' ],
309 silly audit   '@protobufjs/fetch': [ '1.1.1' ],
309 silly audit   '@protobufjs/float': [ '1.0.2' ],
309 silly audit   '@protobufjs/path': [ '1.1.2' ],
309 silly audit   '@protobufjs/pool': [ '1.1.0' ],
309 silly audit   '@protobufjs/utf8': [ '1.1.2' ],
309 silly audit   '@rtsao/scc': [ '1.1.0' ],
309 silly audit   '@swc/helpers': [ '0.5.23' ],
309 silly audit   '@tailwindcss/node': [ '4.3.3' ],
309 silly audit   '@tailwindcss/oxide': [ '4.3.3' ],
309 silly audit   '@tailwindcss/oxide-android-arm64': [ '4.3.3' ],
309 silly audit   '@tailwindcss/oxide-darwin-arm64': [ '4.3.3' ],
309 silly audit   '@tailwindcss/oxide-darwin-x64': [ '4.3.3' ],
309 silly audit   '@tailwindcss/oxide-freebsd-x64': [ '4.3.3' ],
309 silly audit   '@tailwindcss/oxide-linux-arm-gnueabihf': [ '4.3.3' ],
309 silly audit   '@tailwindcss/oxide-linux-arm64-gnu': [ '4.3.3' ],
309 silly audit   '@tailwindcss/oxide-linux-arm64-musl': [ '4.3.3' ],
309 silly audit   '@tailwindcss/oxide-linux-x64-gnu': [ '4.3.3' ],
309 silly audit   '@tailwindcss/oxide-linux-x64-musl': [ '4.3.3' ],
309 silly audit   '@tailwindcss/oxide-wasm32-wasi': [ '4.3.3' ],
309 silly audit   '@tailwindcss/oxide-win32-arm64-msvc': [ '4.3.3' ],
309 silly audit   '@tailwindcss/oxide-win32-x64-msvc': [ '4.3.3' ],
309 silly audit   '@tailwindcss/postcss': [ '4.3.3' ],
309 silly audit   '@tybys/wasm-util': [ '0.10.4' ],
309 silly audit   '@types/estree': [ '1.0.9' ],
309 silly audit   '@types/json-schema': [ '7.0.15' ],
309 silly audit   '@types/json5': [ '0.0.29' ],
309 silly audit   '@types/node': [ '20.19.43' ],
309 silly audit   '@types/react': [ '19.3.0' ],
309 silly audit   '@types/react-dom': [ '19.3.0' ],
309 silly audit   '@typescript-eslint/eslint-plugin': [ '8.71.0' ],
309 silly audit   ignore: [ '7.0.11', '5.3.2' ],
309 silly audit   '@typescript-eslint/parser': [ '8.71.0' ],
309 silly audit   '@typescript-eslint/project-service': [ '8.71.0' ],
309 silly audit   '@typescript-eslint/scope-manager': [ '8.71.0' ],
309 silly audit   '@typescript-eslint/tsconfig-utils': [ '8.71.0' ],
309 silly audit   '@typescript-eslint/type-utils': [ '8.71.0' ],
309 silly audit   '@typescript-eslint/types': [ '8.71.0' ],
309 silly audit   '@typescript-eslint/typescript-estree': [ '8.71.0' ],
309 silly audit   'balanced-match': [ '4.0.4', '1.0.2' ],
309 silly audit   'brace-expansion': [ '5.0.12', '1.1.21' ],
309 silly audit   minimatch: [ '10.2.6', '3.1.5' ],
309 silly audit   semver: [ '7.8.5', '6.3.1' ],
309 silly audit   '@typescript-eslint/utils': [ '8.71.0' ],
309 silly audit   '@typescript-eslint/visitor-keys': [ '8.71.0' ],
309 silly audit   '@unrs/resolver-binding-android-arm-eabi': [ '1.12.2' ],
309 silly audit   '@unrs/resolver-binding-android-arm64': [ '1.12.2' ],
309 silly audit   '@unrs/resolver-binding-darwin-arm64': [ '1.12.2' ],
309 silly audit   '@unrs/resolver-binding-darwin-x64': [ '1.12.2' ],
309 silly audit   '@unrs/resolver-binding-freebsd-x64': [ '1.12.2' ],
309 silly audit   '@unrs/resolver-binding-linux-arm-gnueabihf': [ '1.12.2' ],
309 silly audit   '@unrs/resolver-binding-linux-arm-musleabihf': [ '1.12.2' ],
309 silly audit   '@unrs/resolver-binding-linux-arm64-gnu': [ '1.12.2' ],
309 silly audit   '@unrs/resolver-binding-linux-arm64-musl': [ '1.12.2' ],
309 silly audit   '@unrs/resolver-binding-linux-loong64-gnu': [ '1.12.2' ],
309 silly audit   '@unrs/resolver-binding-linux-loong64-musl': [ '1.12.2' ],
309 silly audit   '@unrs/resolver-binding-linux-ppc64-gnu': [ '1.12.2' ],
309 silly audit   '@unrs/resolver-binding-linux-riscv64-gnu': [ '1.12.2' ],
309 silly audit   '@unrs/resolver-binding-linux-riscv64-musl': [ '1.12.2' ],
309 silly audit   '@unrs/resolver-binding-linux-s390x-gnu': [ '1.12.2' ],
309 silly audit   '@unrs/resolver-binding-linux-x64-gnu': [ '1.12.2' ],
309 silly audit   '@unrs/resolver-binding-linux-x64-musl': [ '1.12.2' ],
309 silly audit   '@unrs/resolver-binding-openharmony-arm64': [ '1.12.2' ],
309 silly audit   '@unrs/resolver-binding-wasm32-wasi': [ '1.12.2' ],
309 silly audit   '@unrs/resolver-binding-win32-arm64-msvc': [ '1.12.2' ],
309 silly audit   '@unrs/resolver-binding-win32-ia32-msvc': [ '1.12.2' ],
309 silly audit   '@unrs/resolver-binding-win32-x64-msvc': [ '1.12.2' ],
309 silly audit   acorn: [ '8.18.0' ],
309 silly audit   'acorn-jsx': [ '5.3.2' ],
309 silly audit   ajv: [ '6.15.0' ],
309 silly audit   'ansi-regex': [ '5.0.1' ],
309 silly audit   'ansi-styles': [ '4.3.0' ],
309 silly audit   argparse: [ '2.0.1' ],
309 silly audit   'aria-query': [ '5.3.2' ],
309 silly audit   'array-buffer-byte-length': [ '1.0.2' ],
309 silly audit   'array-includes': [ '3.2.0' ],
309 silly audit   'array.prototype.findlast': [ '1.2.5' ],
309 silly audit   'array.prototype.findlastindex': [ '1.2.6' ],
309 silly audit   'array.prototype.flat': [ '1.3.3' ],
309 silly audit   'array.prototype.flatmap': [ '1.3.3' ],
309 silly audit   'array.prototype.tosorted': [ '1.1.4' ],
309 silly audit   'arraybuffer.prototype.slice': [ '1.0.4' ],
309 silly audit   'ast-types-flow': [ '0.0.8' ],
309 silly audit   'async-function': [ '1.0.0' ],
309 silly audit   'available-typed-arrays': [ '1.0.7' ],
309 silly audit   'axe-core': [ '4.13.0' ],
309 silly audit   'axobject-query': [ '4.1.0' ],
309 silly audit   'baseline-browser-mapping': [ '2.11.26' ],
309 silly audit   braces: [ '3.0.3' ],
309 silly audit   'browser-image-compression': [ '2.0.2' ],
309 silly audit   browserslist: [ '4.29.3' ],
309 silly audit   'call-bind': [ '1.0.9' ],
309 silly audit   'call-bind-apply-helpers': [ '1.0.2' ],
309 silly audit   'call-bound': [ '1.0.4' ],
309 silly audit   callsites: [ '3.1.0' ],
309 silly audit   'caniuse-lite': [ '1.0.30001814' ],
309 silly audit   chalk: [ '4.1.2' ],
309 silly audit   'client-only': [ '0.0.1' ],
309 silly audit   cliui: [ '8.0.1' ],
309 silly audit   'color-convert': [ '2.0.1' ],
309 silly audit   'color-name': [ '1.1.4' ],
309 silly audit   'concat-map': [ '0.0.1' ],
309 silly audit   'convert-source-map': [ '2.0.0' ],
309 silly audit   'cross-spawn': [ '7.0.6' ],
309 silly audit   csstype: [ '3.2.3' ],
309 silly audit   'damerau-levenshtein': [ '1.0.8' ],
309 silly audit   'data-view-buffer': [ '1.0.2' ],
309 silly audit   'data-view-byte-length': [ '1.0.2' ],
309 silly audit   'data-view-byte-offset': [ '1.0.1' ],
309 silly audit   debug: [ '4.4.3', '3.2.7' ],
309 silly audit   'deep-is': [ '0.1.4' ],
309 silly audit   'define-data-property': [ '1.1.4' ],
309 silly audit   'define-properties': [ '1.2.1' ],
309 silly audit   'detect-libc': [ '2.1.2' ],
309 silly audit   doctrine: [ '2.1.0' ],
309 silly audit   'dunder-proto': [ '1.0.1' ],
309 silly audit   'electron-to-chromium': [ '1.5.443' ],
309 silly audit   'emoji-regex': [ '9.2.2', '8.0.0' ],
309 silly audit   'enhanced-resolve': [ '5.26.0' ],
309 silly audit   'es-abstract': [ '1.24.2' ],
309 silly audit   'es-abstract-get': [ '1.0.0' ],
309 silly audit   'es-define-property': [ '1.0.1' ],
309 silly audit   'es-errors': [ '1.3.0' ],
309 silly audit   'es-iterator-helpers': [ '1.4.0' ],
309 silly audit   'es-object-atoms': [ '1.1.2' ],
309 silly audit   'es-set-tostringtag': [ '2.1.0' ],
309 silly audit   'es-shim-unscopables': [ '1.1.0' ],
309 silly audit   'es-to-primitive': [ '1.3.4' ],
309 silly audit   escalade: [ '3.2.0' ],
309 silly audit   'escape-string-regexp': [ '4.0.0' ],
309 silly audit   eslint: [ '9.39.5' ],
309 silly audit   'eslint-config-next': [ '16.3.8' ],
309 silly audit   globals: [ '16.4.0', '14.0.0' ],
309 silly audit   'eslint-import-resolver-node': [ '0.3.10' ],
309 silly audit   'eslint-import-resolver-typescript': [ '3.10.1' ],
309 silly audit   'eslint-module-utils': [ '2.14.0' ],
309 silly audit   'eslint-plugin-import': [ '2.32.0' ],
309 silly audit   'eslint-plugin-jsx-a11y': [ '6.10.2' ],
309 silly audit   'eslint-plugin-react': [ '7.37.5' ],
309 silly audit   'eslint-plugin-react-hooks': [ '7.1.1' ],
309 silly audit   'eslint-scope': [ '8.4.0' ],
309 silly audit   espree: [ '10.4.0' ],
309 silly audit   esquery: [ '1.7.0' ],
309 silly audit   esrecurse: [ '4.3.0' ],
309 silly audit   estraverse: [ '5.3.0' ],
309 silly audit   esutils: [ '2.0.3' ],
309 silly audit   'fast-deep-equal': [ '3.1.3' ],
309 silly audit   'fast-glob': [ '3.3.1' ],
309 silly audit   'glob-parent': [ '5.1.2', '6.0.2' ],
309 silly audit   'fast-json-stable-stringify': [ '2.1.0' ],
309 silly audit   'fast-levenshtein': [ '2.0.6' ],
309 silly audit   fastq: [ '1.20.3' ],
309 silly audit   'faye-websocket': [ '0.11.4' ],
309 silly audit   'file-entry-cache': [ '8.0.0' ],
309 silly audit   'fill-range': [ '7.1.1' ],
309 silly audit   'find-up': [ '5.0.0' ],
309 silly audit   firebase: [ '12.19.0' ],
309 silly audit   'flat-cache': [ '4.0.1' ],
309 silly audit   flatted: [ '3.4.4' ],
309 silly audit   'for-each': [ '0.3.5' ],
309 silly audit   'framer-motion': [ '13.4.6' ],
309 silly audit   'function-bind': [ '1.1.2' ],
309 silly audit   'function.prototype.name': [ '1.2.0' ],
309 silly audit   'functions-have-names': [ '1.2.3' ],
309 silly audit   'generator-function': [ '2.0.1' ],
309 silly audit   gensync: [ '1.0.0-beta.2' ],
309 silly audit   'get-caller-file': [ '2.0.5' ],
309 silly audit   'get-intrinsic': [ '1.3.0' ],
309 silly audit   'get-proto': [ '1.0.1' ],
309 silly audit   'get-symbol-description': [ '1.1.0' ],
309 silly audit   'get-tsconfig': [ '4.14.3' ],
309 silly audit   globalthis: [ '1.0.4' ],
309 silly audit   gopd: [ '1.2.0' ],
309 silly audit   'graceful-fs': [ '4.2.11' ],
309 silly audit   'has-bigints': [ '1.1.0' ],
309 silly audit   'has-flag': [ '4.0.0' ],
309 silly audit   'has-property-descriptors': [ '1.0.2' ],
309 silly audit   'has-proto': [ '1.2.0' ],
309 silly audit   'has-symbols': [ '1.1.0' ],
309 silly audit   'has-tostringtag': [ '1.0.2' ],
309 silly audit   hasown: [ '2.0.4' ],
309 silly audit   'hermes-estree': [ '0.25.1' ],
309 silly audit   'hermes-parser': [ '0.25.1' ],
309 silly audit   'http-parser-js': [ '0.5.10' ],
309 silly audit   idb: [ '7.1.1' ],
309 silly audit   'import-fresh': [ '3.3.1' ],
309 silly audit   imurmurhash: [ '0.1.4' ],
309 silly audit   'internal-slot': [ '1.1.0' ],
309 silly audit   'is-array-buffer': [ '3.0.5' ],
309 silly audit   'is-async-function': [ '2.1.1' ],
309 silly audit   'is-bigint': [ '1.1.0' ],
309 silly audit   'is-boolean-object': [ '1.2.2' ],
309 silly audit   'is-bun-module': [ '2.0.0' ],
309 silly audit   'is-callable': [ '1.2.7' ],
309 silly audit   'is-core-module': [ '2.17.0' ],
309 silly audit   'is-data-view': [ '1.0.2' ],
309 silly audit   'is-date-object': [ '1.1.0' ],
309 silly audit   'is-document.all': [ '1.0.0' ],
309 silly audit   'is-extglob': [ '2.1.1' ],
309 silly audit   'is-finalizationregistry': [ '1.1.1' ],
309 silly audit   'is-fullwidth-code-point': [ '3.0.0' ],
309 silly audit   'is-generator-function': [ '1.1.2' ],
309 silly audit   'is-glob': [ '4.0.3' ],
309 silly audit   'is-map': [ '2.0.3' ],
309 silly audit   'is-negative-zero': [ '2.0.3' ],
309 silly audit   'is-number': [ '7.0.0' ],
309 silly audit   'is-number-object': [ '1.1.1' ],
309 silly audit   'is-regex': [ '1.2.1' ],
309 silly audit   'is-set': [ '2.0.3' ],
309 silly audit   'is-shared-array-buffer': [ '1.0.4' ],
309 silly audit   'is-string': [ '1.1.1' ],
309 silly audit   'is-symbol': [ '1.1.1' ],
309 silly audit   'is-typed-array': [ '1.1.15' ],
309 silly audit   'is-weakmap': [ '2.0.2' ],
309 silly audit   'is-weakref': [ '1.1.1' ],
309 silly audit   'is-weakset': [ '2.0.4' ],
309 silly audit   isarray: [ '2.0.5' ],
309 silly audit   isexe: [ '2.0.0' ],
309 silly audit   'iterator.prototype': [ '1.1.5' ],
309 silly audit   jiti: [ '2.7.0' ],
309 silly audit   'js-tokens': [ '4.0.0' ],
309 silly audit   'js-yaml': [ '4.3.2' ],
309 silly audit   jsesc: [ '3.1.0' ],
309 silly audit   'json-buffer': [ '3.0.1' ],
309 silly audit   'json-schema-traverse': [ '0.4.1' ],
309 silly audit   'json-stable-stringify-without-jsonify': [ '1.0.1' ],
309 silly audit   json5: [ '2.2.3', '1.0.2' ],
309 silly audit   'jsx-ast-utils': [ '3.3.5' ],
309 silly audit   keyv: [ '4.5.4' ],
309 silly audit   'language-subtag-registry': [ '0.3.23' ],
309 silly audit   'language-tags': [ '1.0.9' ],
309 silly audit   levn: [ '0.4.1' ],
309 silly audit   lightningcss: [ '1.32.0' ],
309 silly audit   'lightningcss-android-arm64': [ '1.32.0' ],
309 silly audit   'lightningcss-darwin-arm64': [ '1.32.0' ],
309 silly audit   'lightningcss-darwin-x64': [ '1.32.0' ],
309 silly audit   'lightningcss-freebsd-x64': [ '1.32.0' ],
309 silly audit   'lightningcss-linux-arm-gnueabihf': [ '1.32.0' ],
309 silly audit   'lightningcss-linux-arm64-gnu': [ '1.32.0' ],
309 silly audit   'lightningcss-linux-arm64-musl': [ '1.32.0' ],
309 silly audit   'lightningcss-linux-x64-gnu': [ '1.32.0' ],
309 silly audit   'lightningcss-linux-x64-musl': [ '1.32.0' ],
309 silly audit   'lightningcss-win32-arm64-msvc': [ '1.32.0' ],
309 silly audit   'lightningcss-win32-x64-msvc': [ '1.32.0' ],
309 silly audit   'locate-path': [ '6.0.0' ],
309 silly audit   'lodash.camelcase': [ '4.3.0' ],
309 silly audit   'lodash.merge': [ '4.6.2' ],
309 silly audit   long: [ '5.3.2' ],
309 silly audit   'loose-envify': [ '1.4.0' ],
309 silly audit   'lru-cache': [ '5.1.1' ],
309 silly audit   'lucide-react': [ '1.49.0' ],
309 silly audit   'magic-string': [ '0.30.21' ],
309 silly audit   'math-intrinsics': [ '1.1.0' ],
309 silly audit   merge2: [ '1.4.1' ],
309 silly audit   micromatch: [ '4.0.8' ],
309 silly audit   minimist: [ '1.2.8' ],
309 silly audit   'motion-dom': [ '13.4.5' ],
309 silly audit   'motion-utils': [ '13.3.0' ],
309 silly audit   ms: [ '2.1.3' ],
309 silly audit   nanoid: [ '3.3.19' ],
309 silly audit   'napi-postinstall': [ '0.3.4' ],
309 silly audit   'natural-compare': [ '1.4.0' ],
309 silly audit   next: [ '16.3.8' ],
309 silly audit   postcss: [ '8.5.23', '8.5.28' ],
309 silly audit   'node-exports-info': [ '1.6.2' ],
309 silly audit   'node-releases': [ '2.0.57' ],
309 silly audit   'object-assign': [ '4.1.1' ],
309 silly audit   'object-inspect': [ '1.13.4' ],
309 silly audit   'object-keys': [ '1.1.1' ],
309 silly audit   'object.assign': [ '4.1.7' ],
309 silly audit   'object.entries': [ '1.1.9' ],
309 silly audit   'object.fromentries': [ '2.0.8' ],
309 silly audit   'object.groupby': [ '1.0.3' ],
309 silly audit   'object.values': [ '1.2.1' ],
309 silly audit   optionator: [ '0.9.4' ],
309 silly audit   'own-keys': [ '1.0.2' ],
309 silly audit   'p-limit': [ '3.1.0' ],
309 silly audit   'p-locate': [ '5.0.0' ],
309 silly audit   'parent-module': [ '1.0.1' ],
309 silly audit   'path-exists': [ '4.0.0' ],
309 silly audit   'path-key': [ '3.1.1' ],
309 silly audit   'path-parse': [ '1.0.7' ],
309 silly audit   picocolors: [ '1.1.1' ],
309 silly audit   picomatch: [ '2.3.2', '4.0.7' ],
309 silly audit   'possible-typed-array-names': [ '1.1.0' ],
309 silly audit   'prelude-ls': [ '1.2.1' ],
309 silly audit   'prop-types': [ '15.8.1' ],
309 silly audit   protobufjs: [ '7.6.6' ],
309 silly audit   punycode: [ '2.3.1' ],
309 silly audit   'queue-microtask': [ '1.2.3' ],
309 silly audit   re2js: [ '2.8.6' ],
309 silly audit   react: [ '19.2.8' ],
309 silly audit   'react-dom': [ '19.2.8' ],
309 silly audit   'react-is': [ '16.13.1' ],
309 silly audit   'reflect.getprototypeof': [ '1.0.10' ],
309 silly audit   'regexp.prototype.flags': [ '1.5.4' ],
309 silly audit   'require-directory': [ '2.1.1' ],
309 silly audit   resolve: [ '2.0.0-next.7' ],
309 silly audit   'resolve-from': [ '4.0.0' ],
309 silly audit   'resolve-pkg-maps': [ '1.0.0' ],
309 silly audit   reusify: [ '1.1.0' ],
309 silly audit   'run-parallel': [ '1.2.0' ],
309 silly audit   'safe-array-concat': [ '1.1.4' ],
309 silly audit   'safe-buffer': [ '5.2.1' ],
309 silly audit   'safe-push-apply': [ '1.0.0' ],
309 silly audit   'safe-regex-test': [ '1.1.0' ],
309 silly audit   scheduler: [ '0.27.0' ],
309 silly audit   'set-function-length': [ '1.2.2' ],
309 silly audit   'set-function-name': [ '2.0.2' ],
309 silly audit   'set-proto': [ '1.0.0' ],
309 silly audit   sharp: [ '0.35.5' ],
309 silly audit   'shebang-command': [ '2.0.0' ],
309 silly audit   'shebang-regex': [ '3.0.0' ],
309 silly audit   'side-channel': [ '1.1.1' ],
309 silly audit   'side-channel-list': [ '1.0.1' ],
309 silly audit   'side-channel-map': [ '1.0.1' ],
309 silly audit   'side-channel-weakmap': [ '1.0.2' ],
309 silly audit   'source-map-js': [ '1.2.2' ],
309 silly audit   'stable-hash': [ '0.0.5' ],
309 silly audit   'stop-iteration-iterator': [ '1.1.0' ],
309 silly audit   'string-width': [ '4.2.3' ],
309 silly audit   'string.prototype.includes': [ '2.0.1' ],
309 silly audit   'string.prototype.matchall': [ '4.1.0' ],
309 silly audit   'string.prototype.repeat': [ '1.0.0' ],
309 silly audit   'string.prototype.trim': [ '1.2.11' ],
309 silly audit   'string.prototype.trimend': [ '1.0.10' ],
309 silly audit   'string.prototype.trimstart': [ '1.0.8' ],
309 silly audit   'strip-ansi': [ '6.0.1' ],
309 silly audit   'strip-bom': [ '3.0.0' ],
309 silly audit   'strip-json-comments': [ '3.1.1' ],
309 silly audit   'styled-jsx': [ '5.1.6' ],
309 silly audit   'supports-color': [ '7.2.0' ],
309 silly audit   'supports-preserve-symlinks-flag': [ '1.0.0' ],
309 silly audit   tailwindcss: [ '4.3.3' ],
309 silly audit   tapable: [ '2.3.3' ],
309 silly audit   tinyglobby: [ '0.2.17' ],
309 silly audit   fdir: [ '6.5.0' ],
309 silly audit   'to-regex-range': [ '5.0.1' ],
309 silly audit   'ts-api-utils': [ '2.5.0' ],
309 silly audit   'tsconfig-paths': [ '3.15.0' ],
309 silly audit   tslib: [ '2.8.1' ],
309 silly audit   'type-check': [ '0.4.0' ],
309 silly audit   'typed-array-buffer': [ '1.0.3' ],
309 silly audit   'typed-array-byte-length': [ '1.0.3' ],
309 silly audit   'typed-array-byte-offset': [ '1.0.5' ],
309 silly audit   'typed-array-length': [ '1.0.8' ],
309 silly audit   typescript: [ '5.9.3' ],
309 silly audit   'typescript-eslint': [ '8.71.0' ],
309 silly audit   'unbox-primitive': [ '1.1.0' ],
309 silly audit   'undici-types': [ '6.21.0' ],
309 silly audit   'unrs-resolver': [ '1.12.2' ],
309 silly audit   'update-browserslist-db': [ '1.3.3' ],
309 silly audit   'uri-js': [ '4.4.1' ],
309 silly audit   uzip: [ '0.20201231.0' ],
309 silly audit   'web-vitals': [ '4.2.4' ],
309 silly audit   'websocket-driver': [ '0.7.5' ],
309 silly audit   'websocket-extensions': [ '0.1.4' ],
309 silly audit   which: [ '2.0.2' ],
309 silly audit   'which-boxed-primitive': [ '1.1.1' ],
309 silly audit   'which-builtin-type': [ '1.2.1' ],
309 silly audit   'which-collection': [ '1.0.2' ],
309 silly audit   'which-typed-array': [ '1.1.24' ],
309 silly audit   'word-wrap': [ '1.2.5' ],
309 silly audit   'wrap-ansi': [ '7.0.0' ],
309 silly audit   y18n: [ '5.0.8' ],
309 silly audit   yallist: [ '3.1.1' ],
309 silly audit   yargs: [ '17.7.3' ],
309 silly audit   'yargs-parser': [ '21.1.1' ],
309 silly audit   'yocto-queue': [ '0.1.0' ],
309 silly audit   zod: [ '4.6.5' ],
309 silly audit   'zod-validation-error': [ '4.0.2' ],
309 silly audit   exifr: [ '7.1.3' ],
309 silly audit   leaflet: [ '1.9.4' ],
309 silly audit   'react-globe.gl': [ '2.38.0' ],
309 silly audit   'react-leaflet': [ '5.0.0' ],
309 silly audit   three: [ '0.186.1' ],
309 silly audit   'globe.gl': [ '2.46.2' ],
309 silly audit   'react-kapsule': [ '2.6.0' ],
309 silly audit   '@tweenjs/tween.js': [ '25.0.0' ],
309 silly audit   'accessor-fn': [ '1.5.3' ],
309 silly audit   kapsule: [ '1.16.3' ],
309 silly audit   'three-globe': [ '2.45.3' ],
309 silly audit   'three-render-objects': [ '1.43.0' ],
309 silly audit   'lodash-es': [ '4.18.1' ],
309 silly audit   jerrypick: [ '1.1.2' ],
309 silly audit   '@react-leaflet/core': [ '3.0.0' ],
309 silly audit   'd3-array': [ '3.2.4' ],
309 silly audit   'd3-color': [ '3.1.0' ],
309 silly audit   'd3-geo': [ '3.1.1' ],
309 silly audit   'd3-interpolate': [ '3.0.1' ],
309 silly audit   'd3-scale': [ '4.0.2' ],
309 silly audit   'd3-scale-chromatic': [ '3.1.0' ],
309 silly audit   'data-bind-mapper': [ '1.0.3' ],
309 silly audit   'frame-ticker': [ '1.0.3' ],
309 silly audit   'h3-js': [ '4.5.0' ],
309 silly audit   'index-array-by': [ '1.4.2' ],
309 silly audit   'three-conic-polygon-geometry': [ '2.1.3' ],
309 silly audit   'three-geojson-geometry': [ '2.1.1' ],
309 silly audit   'three-slippy-map-globe': [ '1.0.6' ],
309 silly audit   tinycolor2: [ '1.6.0' ],
309 silly audit   internmap: [ '2.0.3' ],
309 silly audit   'd3-format': [ '3.1.2' ],
309 silly audit   'd3-time': [ '3.1.0' ],
309 silly audit   'd3-time-format': [ '4.1.0' ],
309 silly audit   simplesignal: [ '2.1.7' ],
309 silly audit   '@turf/boolean-point-in-polygon': [ '7.4.0' ],
309 silly audit   'd3-geo-voronoi': [ '2.1.0' ],
309 silly audit   delaunator: [ '5.1.0' ],
309 silly audit   earcut: [ '3.2.4' ],
309 silly audit   '@turf/helpers': [ '7.4.0' ],
309 silly audit   '@turf/invariant': [ '7.4.0' ],
309 silly audit   '@types/geojson': [ '7946.0.16' ],
309 silly audit   'point-in-polygon-hao': [ '1.2.4' ],
309 silly audit   'd3-delaunay': [ '6.0.4' ],
309 silly audit   'd3-tricontour': [ '1.1.0' ],
309 silly audit   'robust-predicates': [ '3.0.3' ],
309 silly audit   'float-tooltip': [ '1.7.5' ],
309 silly audit   polished: [ '4.3.1' ],
309 silly audit   'd3-selection': [ '3.0.0' ],
309 silly audit   preact: [ '10.29.8' ],
309 silly audit   '@babel/runtime': [ '7.29.7' ],
309 silly audit   'd3-octree': [ '1.1.0' ]
309 silly audit }
310 http cache @babel/runtime@https://registry.npmjs.org/@babel/runtime/-/runtime-7.29.7.tgz 0ms (cache hit)
311 http cache preact@https://registry.npmjs.org/preact/-/preact-10.29.8.tgz 0ms (cache hit)
312 http cache d3-octree@https://registry.npmjs.org/d3-octree/-/d3-octree-1.1.0.tgz 0ms (cache hit)
313 http cache d3-selection@https://registry.npmjs.org/d3-selection/-/d3-selection-3.0.0.tgz 0ms (cache hit)
314 http cache polished@https://registry.npmjs.org/polished/-/polished-4.3.1.tgz 0ms (cache hit)
315 http cache d3-tricontour@https://registry.npmjs.org/d3-tricontour/-/d3-tricontour-1.1.0.tgz 0ms (cache hit)
316 http cache robust-predicates@https://registry.npmjs.org/robust-predicates/-/robust-predicates-3.0.3.tgz 0ms (cache hit)
317 http cache float-tooltip@https://registry.npmjs.org/float-tooltip/-/float-tooltip-1.7.5.tgz 0ms (cache hit)
318 http cache d3-delaunay@https://registry.npmjs.org/d3-delaunay/-/d3-delaunay-6.0.4.tgz 0ms (cache hit)
319 http cache @types/geojson@https://registry.npmjs.org/@types/geojson/-/geojson-7946.0.16.tgz 0ms (cache hit)
320 http cache point-in-polygon-hao@https://registry.npmjs.org/point-in-polygon-hao/-/point-in-polygon-hao-1.2.4.tgz 0ms (cache hit)
321 http cache @turf/helpers@https://registry.npmjs.org/@turf/helpers/-/helpers-7.4.0.tgz 0ms (cache hit)
322 http cache earcut@https://registry.npmjs.org/earcut/-/earcut-3.2.4.tgz 0ms (cache hit)
323 http cache @turf/invariant@https://registry.npmjs.org/@turf/invariant/-/invariant-7.4.0.tgz 0ms (cache hit)
324 http cache @turf/boolean-point-in-polygon@https://registry.npmjs.org/@turf/boolean-point-in-polygon/-/boolean-point-in-polygon-7.4.0.tgz 0ms (cache hit)
325 http cache delaunator@https://registry.npmjs.org/delaunator/-/delaunator-5.1.0.tgz 0ms (cache hit)
326 http cache d3-geo-voronoi@https://registry.npmjs.org/d3-geo-voronoi/-/d3-geo-voronoi-2.1.0.tgz 0ms (cache hit)
327 http cache d3-time-format@https://registry.npmjs.org/d3-time-format/-/d3-time-format-4.1.0.tgz 0ms (cache hit)
328 http cache simplesignal@https://registry.npmjs.org/simplesignal/-/simplesignal-2.1.7.tgz 0ms (cache hit)
329 http cache d3-time@https://registry.npmjs.org/d3-time/-/d3-time-3.1.0.tgz 0ms (cache hit)
330 http cache internmap@https://registry.npmjs.org/internmap/-/internmap-2.0.3.tgz 0ms (cache hit)
331 http cache d3-format@https://registry.npmjs.org/d3-format/-/d3-format-3.1.2.tgz 0ms (cache hit)
332 http cache tinycolor2@https://registry.npmjs.org/tinycolor2/-/tinycolor2-1.6.0.tgz 0ms (cache hit)
333 http cache three-conic-polygon-geometry@https://registry.npmjs.org/three-conic-polygon-geometry/-/three-conic-polygon-geometry-2.1.3.tgz 0ms (cache hit)
334 http cache h3-js@https://registry.npmjs.org/h3-js/-/h3-js-4.5.0.tgz 0ms (cache hit)
335 http cache index-array-by@https://registry.npmjs.org/index-array-by/-/index-array-by-1.4.2.tgz 0ms (cache hit)
336 http cache three-slippy-map-globe@https://registry.npmjs.org/three-slippy-map-globe/-/three-slippy-map-globe-1.0.6.tgz 0ms (cache hit)
337 http cache frame-ticker@https://registry.npmjs.org/frame-ticker/-/frame-ticker-1.0.3.tgz 0ms (cache hit)
338 http cache three-geojson-geometry@https://registry.npmjs.org/three-geojson-geometry/-/three-geojson-geometry-2.1.1.tgz 0ms (cache hit)
339 http cache d3-scale@https://registry.npmjs.org/d3-scale/-/d3-scale-4.0.2.tgz 0ms (cache hit)
340 http cache data-bind-mapper@https://registry.npmjs.org/data-bind-mapper/-/data-bind-mapper-1.0.3.tgz 0ms (cache hit)
341 http cache d3-scale-chromatic@https://registry.npmjs.org/d3-scale-chromatic/-/d3-scale-chromatic-3.1.0.tgz 0ms (cache hit)
342 http cache d3-interpolate@https://registry.npmjs.org/d3-interpolate/-/d3-interpolate-3.0.1.tgz 0ms (cache hit)
343 http cache @react-leaflet/core@https://registry.npmjs.org/@react-leaflet/core/-/core-3.0.0.tgz 0ms (cache hit)
344 http cache d3-geo@https://registry.npmjs.org/d3-geo/-/d3-geo-3.1.1.tgz 0ms (cache hit)
345 http cache d3-array@https://registry.npmjs.org/d3-array/-/d3-array-3.2.4.tgz 0ms (cache hit)
346 http cache d3-color@https://registry.npmjs.org/d3-color/-/d3-color-3.1.0.tgz 0ms (cache hit)
347 http cache three-render-objects@https://registry.npmjs.org/three-render-objects/-/three-render-objects-1.43.0.tgz 0ms (cache hit)
348 http cache kapsule@https://registry.npmjs.org/kapsule/-/kapsule-1.16.3.tgz 0ms (cache hit)
349 http cache jerrypick@https://registry.npmjs.org/jerrypick/-/jerrypick-1.1.2.tgz 0ms (cache hit)
350 http cache lodash-es@https://registry.npmjs.org/lodash-es/-/lodash-es-4.18.1.tgz 0ms (cache hit)
351 http cache react-kapsule@https://registry.npmjs.org/react-kapsule/-/react-kapsule-2.6.0.tgz 0ms (cache hit)
352 http cache three-globe@https://registry.npmjs.org/three-globe/-/three-globe-2.45.3.tgz 0ms (cache hit)
353 http cache globe.gl@https://registry.npmjs.org/globe.gl/-/globe.gl-2.46.2.tgz 0ms (cache hit)
354 http cache exifr@https://registry.npmjs.org/exifr/-/exifr-7.1.3.tgz 0ms (cache hit)
355 http cache three@https://registry.npmjs.org/three/-/three-0.186.1.tgz 0ms (cache hit)
356 http cache react-leaflet@https://registry.npmjs.org/react-leaflet/-/react-leaflet-5.0.0.tgz 0ms (cache hit)
357 silly tarball no local data for @babel/runtime@https://registry.npmjs.org/@babel/runtime/-/runtime-7.29.7.tgz. Extracting by manifest.
358 http cache leaflet@https://registry.npmjs.org/leaflet/-/leaflet-1.9.4.tgz 0ms (cache hit)
359 silly tarball no local data for d3-octree@https://registry.npmjs.org/d3-octree/-/d3-octree-1.1.0.tgz. Extracting by manifest.
360 http cache react-globe.gl@https://registry.npmjs.org/react-globe.gl/-/react-globe.gl-2.38.0.tgz 0ms (cache hit)
361 silly tarball no local data for preact@https://registry.npmjs.org/preact/-/preact-10.29.8.tgz. Extracting by manifest.
362 silly tarball no local data for d3-selection@https://registry.npmjs.org/d3-selection/-/d3-selection-3.0.0.tgz. Extracting by manifest.
363 silly tarball no local data for polished@https://registry.npmjs.org/polished/-/polished-4.3.1.tgz. Extracting by manifest.
364 silly tarball no local data for d3-tricontour@https://registry.npmjs.org/d3-tricontour/-/d3-tricontour-1.1.0.tgz. Extracting by manifest.
365 silly tarball no local data for robust-predicates@https://registry.npmjs.org/robust-predicates/-/robust-predicates-3.0.3.tgz. Extracting by manifest.
366 silly tarball no local data for float-tooltip@https://registry.npmjs.org/float-tooltip/-/float-tooltip-1.7.5.tgz. Extracting by manifest.
367 silly tarball no local data for d3-delaunay@https://registry.npmjs.org/d3-delaunay/-/d3-delaunay-6.0.4.tgz. Extracting by manifest.
368 http cache @tweenjs/tween.js@https://registry.npmjs.org/@tweenjs/tween.js/-/tween.js-25.0.0.tgz 0ms (cache hit)
369 silly tarball no local data for @types/geojson@https://registry.npmjs.org/@types/geojson/-/geojson-7946.0.16.tgz. Extracting by manifest.
370 silly tarball no local data for point-in-polygon-hao@https://registry.npmjs.org/point-in-polygon-hao/-/point-in-polygon-hao-1.2.4.tgz. Extracting by manifest.
371 silly tarball no local data for @turf/helpers@https://registry.npmjs.org/@turf/helpers/-/helpers-7.4.0.tgz. Extracting by manifest.
372 silly tarball no local data for earcut@https://registry.npmjs.org/earcut/-/earcut-3.2.4.tgz. Extracting by manifest.
373 silly tarball no local data for @turf/invariant@https://registry.npmjs.org/@turf/invariant/-/invariant-7.4.0.tgz. Extracting by manifest.
374 http cache accessor-fn@https://registry.npmjs.org/accessor-fn/-/accessor-fn-1.5.3.tgz 0ms (cache hit)
375 silly tarball no local data for @turf/boolean-point-in-polygon@https://registry.npmjs.org/@turf/boolean-point-in-polygon/-/boolean-point-in-polygon-7.4.0.tgz. Extracting by manifest.
376 silly tarball no local data for delaunator@https://registry.npmjs.org/delaunator/-/delaunator-5.1.0.tgz. Extracting by manifest.
377 silly tarball no local data for d3-geo-voronoi@https://registry.npmjs.org/d3-geo-voronoi/-/d3-geo-voronoi-2.1.0.tgz. Extracting by manifest.
378 silly tarball no local data for d3-time-format@https://registry.npmjs.org/d3-time-format/-/d3-time-format-4.1.0.tgz. Extracting by manifest.
379 silly tarball no local data for simplesignal@https://registry.npmjs.org/simplesignal/-/simplesignal-2.1.7.tgz. Extracting by manifest.
380 silly tarball no local data for d3-time@https://registry.npmjs.org/d3-time/-/d3-time-3.1.0.tgz. Extracting by manifest.
381 silly tarball no local data for internmap@https://registry.npmjs.org/internmap/-/internmap-2.0.3.tgz. Extracting by manifest.
382 silly tarball no local data for d3-format@https://registry.npmjs.org/d3-format/-/d3-format-3.1.2.tgz. Extracting by manifest.
383 silly tarball no local data for tinycolor2@https://registry.npmjs.org/tinycolor2/-/tinycolor2-1.6.0.tgz. Extracting by manifest.
384 silly tarball no local data for three-conic-polygon-geometry@https://registry.npmjs.org/three-conic-polygon-geometry/-/three-conic-polygon-geometry-2.1.3.tgz. Extracting by manifest.
385 silly tarball no local data for h3-js@https://registry.npmjs.org/h3-js/-/h3-js-4.5.0.tgz. Extracting by manifest.
386 silly tarball no local data for index-array-by@https://registry.npmjs.org/index-array-by/-/index-array-by-1.4.2.tgz. Extracting by manifest.
387 silly tarball no local data for three-slippy-map-globe@https://registry.npmjs.org/three-slippy-map-globe/-/three-slippy-map-globe-1.0.6.tgz. Extracting by manifest.
388 silly tarball no local data for frame-ticker@https://registry.npmjs.org/frame-ticker/-/frame-ticker-1.0.3.tgz. Extracting by manifest.
389 silly tarball no local data for three-geojson-geometry@https://registry.npmjs.org/three-geojson-geometry/-/three-geojson-geometry-2.1.1.tgz. Extracting by manifest.
390 silly tarball no local data for d3-scale@https://registry.npmjs.org/d3-scale/-/d3-scale-4.0.2.tgz. Extracting by manifest.
391 silly tarball no local data for data-bind-mapper@https://registry.npmjs.org/data-bind-mapper/-/data-bind-mapper-1.0.3.tgz. Extracting by manifest.
392 silly tarball no local data for d3-scale-chromatic@https://registry.npmjs.org/d3-scale-chromatic/-/d3-scale-chromatic-3.1.0.tgz. Extracting by manifest.
393 silly tarball no local data for d3-interpolate@https://registry.npmjs.org/d3-interpolate/-/d3-interpolate-3.0.1.tgz. Extracting by manifest.
394 silly tarball no local data for d3-geo@https://registry.npmjs.org/d3-geo/-/d3-geo-3.1.1.tgz. Extracting by manifest.
395 silly tarball no local data for @react-leaflet/core@https://registry.npmjs.org/@react-leaflet/core/-/core-3.0.0.tgz. Extracting by manifest.
396 silly tarball no local data for d3-array@https://registry.npmjs.org/d3-array/-/d3-array-3.2.4.tgz. Extracting by manifest.
397 silly tarball no local data for d3-color@https://registry.npmjs.org/d3-color/-/d3-color-3.1.0.tgz. Extracting by manifest.
398 silly tarball no local data for three-render-objects@https://registry.npmjs.org/three-render-objects/-/three-render-objects-1.43.0.tgz. Extracting by manifest.
399 silly tarball no local data for kapsule@https://registry.npmjs.org/kapsule/-/kapsule-1.16.3.tgz. Extracting by manifest.
400 silly tarball no local data for jerrypick@https://registry.npmjs.org/jerrypick/-/jerrypick-1.1.2.tgz. Extracting by manifest.
401 silly tarball no local data for lodash-es@https://registry.npmjs.org/lodash-es/-/lodash-es-4.18.1.tgz. Extracting by manifest.
402 silly tarball no local data for react-kapsule@https://registry.npmjs.org/react-kapsule/-/react-kapsule-2.6.0.tgz. Extracting by manifest.
403 silly tarball no local data for three-globe@https://registry.npmjs.org/three-globe/-/three-globe-2.45.3.tgz. Extracting by manifest.
404 silly tarball no local data for globe.gl@https://registry.npmjs.org/globe.gl/-/globe.gl-2.46.2.tgz. Extracting by manifest.
405 silly tarball no local data for exifr@https://registry.npmjs.org/exifr/-/exifr-7.1.3.tgz. Extracting by manifest.
406 silly tarball no local data for three@https://registry.npmjs.org/three/-/three-0.186.1.tgz. Extracting by manifest.
407 silly tarball no local data for react-leaflet@https://registry.npmjs.org/react-leaflet/-/react-leaflet-5.0.0.tgz. Extracting by manifest.
408 silly tarball no local data for leaflet@https://registry.npmjs.org/leaflet/-/leaflet-1.9.4.tgz. Extracting by manifest.
409 silly tarball no local data for react-globe.gl@https://registry.npmjs.org/react-globe.gl/-/react-globe.gl-2.38.0.tgz. Extracting by manifest.
410 silly tarball no local data for @tweenjs/tween.js@https://registry.npmjs.org/@tweenjs/tween.js/-/tween.js-25.0.0.tgz. Extracting by manifest.
411 silly tarball no local data for accessor-fn@https://registry.npmjs.org/accessor-fn/-/accessor-fn-1.5.3.tgz. Extracting by manifest.
412 http fetch POST 200 https://registry.npmjs.org/-/npm/v1/security/advisories/bulk 210ms
413 silly audit report {
413 silly audit report   '@grpc/grpc-js': [
413 silly audit report     {
413 silly audit report       id: 1240623,
413 silly audit report       url: 'https://github.com/advisories/GHSA-m9gg-hp2v-232j',
413 silly audit report       title: '@grpc/grpc-js: In certain configurations, getAuthContext can return unauthorized certificates as though they were authorized',
413 silly audit report       severity: 'high',
413 silly audit report       vulnerable_versions: '<1.13.6',
413 silly audit report       cwe: [Array],
413 silly audit report       cvss: [Object]
413 silly audit report     },
413 silly audit report     {
413 silly audit report       id: 1240625,
413 silly audit report       url: 'https://github.com/advisories/GHSA-f596-whhp-79r4',
413 silly audit report       title: '@grpc/grpc-js: The server transmits some error messages thrown by method handlers to the client in status messages',
413 silly audit report       severity: 'low',
413 silly audit report       vulnerable_versions: '<1.13.6',
413 silly audit report       cwe: [Array],
413 silly audit report       cvss: [Object]
413 silly audit report     }
413 silly audit report   ]
413 silly audit report }
414 silly packumentCache corgi:https://registry.npmjs.org/@grpc%2fgrpc-js cache-miss
415 http fetch GET 200 https://registry.npmjs.org/@types/geojson/-/geojson-7946.0.16.tgz 519ms (cache miss)
416 http fetch GET 200 https://registry.npmjs.org/d3-geo-voronoi/-/d3-geo-voronoi-2.1.0.tgz 556ms (cache miss)
417 http fetch GET 200 https://registry.npmjs.org/frame-ticker/-/frame-ticker-1.0.3.tgz 540ms (cache miss)
418 http fetch GET 200 https://registry.npmjs.org/index-array-by/-/index-array-by-1.4.2.tgz 543ms (cache miss)
419 http fetch GET 200 https://registry.npmjs.org/internmap/-/internmap-2.0.3.tgz 563ms (cache miss)
420 http fetch GET 200 https://registry.npmjs.org/accessor-fn/-/accessor-fn-1.5.3.tgz 514ms (cache miss)
421 http fetch GET 200 https://registry.npmjs.org/@react-leaflet/core/-/core-3.0.0.tgz 583ms (cache miss)
422 http fetch GET 200 https://registry.npmjs.org/simplesignal/-/simplesignal-2.1.7.tgz 644ms (cache miss)
423 http fetch GET 200 https://registry.npmjs.org/delaunator/-/delaunator-5.1.0.tgz 657ms (cache miss)
424 http fetch GET 200 https://registry.npmjs.org/jerrypick/-/jerrypick-1.1.2.tgz 760ms (cache miss)
425 http fetch GET 200 https://registry.npmjs.org/@grpc%2fgrpc-js 657ms (cache miss)
426 silly packumentCache corgi:https://registry.npmjs.org/@grpc%2fgrpc-js set size:undefined disposed:false
427 http fetch GET 200 https://registry.npmjs.org/react-kapsule/-/react-kapsule-2.6.0.tgz 837ms (cache miss)
428 http fetch GET 200 https://registry.npmjs.org/@turf/boolean-point-in-polygon/-/boolean-point-in-polygon-7.4.0.tgz 879ms (cache miss)
429 http fetch GET 200 https://registry.npmjs.org/float-tooltip/-/float-tooltip-1.7.5.tgz 892ms (cache miss)
430 http fetch GET 200 https://registry.npmjs.org/point-in-polygon-hao/-/point-in-polygon-hao-1.2.4.tgz 893ms (cache miss)
431 http fetch GET 200 https://registry.npmjs.org/d3-delaunay/-/d3-delaunay-6.0.4.tgz 913ms (cache miss)
432 http fetch GET 200 https://registry.npmjs.org/d3-tricontour/-/d3-tricontour-1.1.0.tgz 935ms (cache miss)
433 http fetch GET 200 https://registry.npmjs.org/data-bind-mapper/-/data-bind-mapper-1.0.3.tgz 916ms (cache miss)
434 http fetch GET 200 https://registry.npmjs.org/d3-color/-/d3-color-3.1.0.tgz 937ms (cache miss)
435 http fetch GET 200 https://registry.npmjs.org/@turf/invariant/-/invariant-7.4.0.tgz 968ms (cache miss)
436 http fetch GET 200 https://registry.npmjs.org/kapsule/-/kapsule-1.16.3.tgz 944ms (cache miss)
437 silly packumentCache corgi:https://registry.npmjs.org/@firebase%2ffirestore cache-miss
438 http fetch GET 200 https://registry.npmjs.org/three-slippy-map-globe/-/three-slippy-map-globe-1.0.6.tgz 984ms (cache miss)
439 http fetch GET 200 https://registry.npmjs.org/earcut/-/earcut-3.2.4.tgz 1004ms (cache miss)
440 http fetch GET 200 https://registry.npmjs.org/@tweenjs/tween.js/-/tween.js-25.0.0.tgz 947ms (cache miss)
441 http fetch GET 200 https://registry.npmjs.org/@turf/helpers/-/helpers-7.4.0.tgz 1104ms (cache miss)
442 http fetch GET 200 https://registry.npmjs.org/tinycolor2/-/tinycolor2-1.6.0.tgz 1095ms (cache miss)
443 http fetch GET 200 https://registry.npmjs.org/d3-time/-/d3-time-3.1.0.tgz 1129ms (cache miss)
444 http fetch GET 200 https://registry.npmjs.org/d3-octree/-/d3-octree-1.1.0.tgz 1260ms (cache miss)
445 http fetch GET 200 https://registry.npmjs.org/robust-predicates/-/robust-predicates-3.0.3.tgz 1276ms (cache miss)
446 http fetch GET 200 https://registry.npmjs.org/three-geojson-geometry/-/three-geojson-geometry-2.1.1.tgz 1285ms (cache miss)
447 http fetch GET 200 https://registry.npmjs.org/d3-scale/-/d3-scale-4.0.2.tgz 1381ms (cache miss)
448 http fetch GET 200 https://registry.npmjs.org/three-conic-polygon-geometry/-/three-conic-polygon-geometry-2.1.3.tgz 1412ms (cache miss)
449 http fetch GET 200 https://registry.npmjs.org/d3-interpolate/-/d3-interpolate-3.0.1.tgz 1408ms (cache miss)
450 http fetch GET 200 https://registry.npmjs.org/d3-time-format/-/d3-time-format-4.1.0.tgz 1571ms (cache miss)
451 http fetch GET 200 https://registry.npmjs.org/react-leaflet/-/react-leaflet-5.0.0.tgz 1618ms (cache miss)
452 http fetch GET 200 https://registry.npmjs.org/d3-scale-chromatic/-/d3-scale-chromatic-3.1.0.tgz 1772ms (cache miss)
453 http fetch GET 200 https://registry.npmjs.org/d3-array/-/d3-array-3.2.4.tgz 1793ms (cache miss)
454 http fetch GET 200 https://registry.npmjs.org/d3-selection/-/d3-selection-3.0.0.tgz 1855ms (cache miss)
455 http fetch GET 200 https://registry.npmjs.org/d3-geo/-/d3-geo-3.1.1.tgz 1855ms (cache miss)
456 http fetch GET 200 https://registry.npmjs.org/d3-format/-/d3-format-3.1.2.tgz 1911ms (cache miss)
457 http fetch GET 200 https://registry.npmjs.org/h3-js/-/h3-js-4.5.0.tgz 2319ms (cache miss)
458 http fetch GET 200 https://registry.npmjs.org/@firebase%2ffirestore 1392ms (cache miss)
459 silly packumentCache corgi:https://registry.npmjs.org/@firebase%2ffirestore set size:undefined disposed:false
460 http fetch GET 200 https://registry.npmjs.org/three-render-objects/-/three-render-objects-1.43.0.tgz 2641ms (cache miss)
461 http fetch GET 200 https://registry.npmjs.org/exifr/-/exifr-7.1.3.tgz 2635ms (cache miss)
462 silly packumentCache corgi:https://registry.npmjs.org/@firebase%2ffirestore-compat cache-miss
463 silly packumentCache corgi:https://registry.npmjs.org/firebase cache-miss
464 http fetch GET 200 https://registry.npmjs.org/@firebase%2ffirestore-compat 220ms (cache miss)
465 silly packumentCache corgi:https://registry.npmjs.org/@firebase%2ffirestore-compat set size:undefined disposed:false
466 http fetch GET 200 https://registry.npmjs.org/react-globe.gl/-/react-globe.gl-2.38.0.tgz 6429ms (cache miss)
467 http fetch GET 200 https://registry.npmjs.org/preact/-/preact-10.29.8.tgz 6644ms (cache miss)
468 http fetch GET 200 https://registry.npmjs.org/leaflet/-/leaflet-1.9.4.tgz 6868ms (cache miss)
469 http fetch GET 200 https://registry.npmjs.org/firebase 4369ms (cache miss)
470 silly packumentCache corgi:https://registry.npmjs.org/firebase set size:undefined disposed:false
471 http fetch GET 200 https://registry.npmjs.org/three-globe/-/three-globe-2.45.3.tgz 20814ms (cache miss)
472 http fetch GET 200 https://registry.npmjs.org/@babel/runtime/-/runtime-7.29.7.tgz 20887ms (cache miss)
473 http fetch GET 200 https://registry.npmjs.org/globe.gl/-/globe.gl-2.46.2.tgz 21671ms (cache miss)
474 http fetch GET 200 https://registry.npmjs.org/polished/-/polished-4.3.1.tgz 21829ms (cache miss)
475 http fetch GET 200 https://registry.npmjs.org/lodash-es/-/lodash-es-4.18.1.tgz 21797ms (cache miss)
476 http fetch GET 200 https://registry.npmjs.org/three/-/three-0.186.1.tgz 26299ms (cache miss)
477 silly ADD node_modules/d3-octree
478 silly ADD node_modules/@babel/runtime
479 silly ADD node_modules/preact
480 silly ADD node_modules/d3-selection
481 silly ADD node_modules/polished
482 silly ADD node_modules/float-tooltip
483 silly ADD node_modules/robust-predicates
484 silly ADD node_modules/d3-tricontour
485 silly ADD node_modules/d3-delaunay
486 silly ADD node_modules/point-in-polygon-hao
487 silly ADD node_modules/@types/geojson
488 silly ADD node_modules/@turf/invariant
489 silly ADD node_modules/@turf/helpers
490 silly ADD node_modules/earcut
491 silly ADD node_modules/delaunator
492 silly ADD node_modules/d3-geo-voronoi
493 silly ADD node_modules/@turf/boolean-point-in-polygon
494 silly ADD node_modules/simplesignal
495 silly ADD node_modules/d3-time-format
496 silly ADD node_modules/d3-time
497 silly ADD node_modules/d3-format
498 silly ADD node_modules/internmap
499 silly ADD node_modules/tinycolor2
500 silly ADD node_modules/three-slippy-map-globe
501 silly ADD node_modules/three-geojson-geometry
502 silly ADD node_modules/three-conic-polygon-geometry
503 silly ADD node_modules/index-array-by
504 silly ADD node_modules/h3-js
505 silly ADD node_modules/frame-ticker
506 silly ADD node_modules/data-bind-mapper
507 silly ADD node_modules/d3-scale-chromatic
508 silly ADD node_modules/d3-scale
509 silly ADD node_modules/d3-interpolate
510 silly ADD node_modules/d3-geo
511 silly ADD node_modules/d3-color
512 silly ADD node_modules/d3-array
513 silly ADD node_modules/@react-leaflet/core
514 silly ADD node_modules/jerrypick
515 silly ADD node_modules/lodash-es
516 silly ADD node_modules/three-render-objects
517 silly ADD node_modules/three-globe
518 silly ADD node_modules/kapsule
519 silly ADD node_modules/accessor-fn
520 silly ADD node_modules/@tweenjs/tween.js
521 silly ADD node_modules/react-kapsule
522 silly ADD node_modules/globe.gl
523 silly ADD node_modules/three
524 silly ADD node_modules/react-leaflet
525 silly ADD node_modules/react-globe.gl
526 silly ADD node_modules/leaflet
527 silly ADD node_modules/exifr
528 verbose cwd D:\PrivateProject\photo-achive
529 verbose os Windows_NT 10.0.26200
530 verbose node v24.14.0
531 verbose npm  v11.9.0
532 notice
532 notice New minor version of npm available! 11.9.0 -> 11.21.0
532 notice Changelog: https://github.com/npm/cli/releases/tag/v11.21.0
532 notice To update run: npm install -g npm@11.21.0
532 notice  { force: true, Symbol(proc-log.meta): true }
533 verbose exit 0
534 info ok
